The system is: Linux - sh: 0: getcwd() failed: No such file or directory
5.4.0-150-generic - sh: 0: getcwd() failed: No such file or directory
x86_64
Determining if the C compiler works passed with the following output:
Change Dir: /home/kissinu/build/CMakeFiles/CMakeTmp

Run Build Command:"/usr/bin/make" "cmTC_6a622/fast"
/usr/bin/make -f CMakeFiles/cmTC_6a622.dir/build.make CMakeFiles/cmTC_6a622.dir/build
make[1]: 进入目录“/home/kissinu/build/CMakeFiles/CMakeTmp”
Building C object CMakeFiles/cmTC_6a622.dir/testCCompiler.c.o
/usr/bin/gcc    -o CMakeFiles/cmTC_6a622.dir/testCCompiler.c.o   -c /home/kissinu/build/CMakeFiles/CMakeTmp/testCCompiler.c
Linking C executable cmTC_6a622
/usr/bin/cmake -E cmake_link_script CMakeFiles/cmTC_6a622.dir/link.txt --verbose=1
/usr/bin/gcc      CMakeFiles/cmTC_6a622.dir/testCCompiler.c.o  -o cmTC_6a622 
make[1]: 离开目录“/home/kissinu/build/CMakeFiles/CMakeTmp”


Detecting C compiler ABI info compiled with the following output:
Change Dir: /home/kissinu/build/CMakeFiles/CMakeTmp

Run Build Command:"/usr/bin/make" "cmTC_9abef/fast"
/usr/bin/make -f CMakeFiles/cmTC_9abef.dir/build.make CMakeFiles/cmTC_9abef.dir/build
make[1]: 进入目录“/home/kissinu/build/CMakeFiles/CMakeTmp”
Building C object CMakeFiles/cmTC_9abef.dir/CMakeCCompilerABI.c.o
/usr/bin/gcc    -o CMakeFiles/cmTC_9abef.dir/CMakeCCompilerABI.c.o   -c /usr/share/cmake-3.10/Modules/CMakeCCompilerABI.c
Linking C executable cmTC_9abef
/usr/bin/cmake -E cmake_link_script CMakeFiles/cmTC_9abef.dir/link.txt --verbose=1
/usr/bin/gcc      CMakeFiles/cmTC_9abef.dir/CMakeCCompilerABI.c.o  -o cmTC_9abef 
make[1]: 离开目录“/home/kissinu/build/CMakeFiles/CMakeTmp”


Determining if the CXX compiler works passed with the following output:
Change Dir: /home/kissinu/build/CMakeFiles/CMakeTmp

Run Build Command:"/usr/bin/make" "cmTC_7ec87/fast"
/usr/bin/make -f CMakeFiles/cmTC_7ec87.dir/build.make CMakeFiles/cmTC_7ec87.dir/build
make[1]: 进入目录“/home/kissinu/build/CMakeFiles/CMakeTmp”
Building CXX object CMakeFiles/cmTC_7ec87.dir/testCXXCompiler.cxx.o
/usr/bin/g++     -o CMakeFiles/cmTC_7ec87.dir/testCXXCompiler.cxx.o -c /home/kissinu/build/CMakeFiles/CMakeTmp/testCXXCompiler.cxx
Linking CXX executable cmTC_7ec87
/usr/bin/cmake -E cmake_link_script CMakeFiles/cmTC_7ec87.dir/link.txt --verbose=1
/usr/bin/g++       CMakeFiles/cmTC_7ec87.dir/testCXXCompiler.cxx.o  -o cmTC_7ec87 
make[1]: 离开目录“/home/kissinu/build/CMakeFiles/CMakeTmp”


Detecting CXX compiler ABI info compiled with the following output:
Change Dir: /home/kissinu/build/CMakeFiles/CMakeTmp

Run Build Command:"/usr/bin/make" "cmTC_261ce/fast"
/usr/bin/make -f CMakeFiles/cmTC_261ce.dir/build.make CMakeFiles/cmTC_261ce.dir/build
make[1]: 进入目录“/home/kissinu/build/CMakeFiles/CMakeTmp”
Building CXX object CMakeFiles/cmTC_261ce.dir/CMakeCXXCompilerABI.cpp.o
/usr/bin/g++     -o CMakeFiles/cmTC_261ce.dir/CMakeCXXCompilerABI.cpp.o -c /usr/share/cmake-3.10/Modules/CMakeCXXCompilerABI.cpp
Linking CXX executable cmTC_261ce
/usr/bin/cmake -E cmake_link_script CMakeFiles/cmTC_261ce.dir/link.txt --verbose=1
/usr/bin/g++       CMakeFiles/cmTC_261ce.dir/CMakeCXXCompilerABI.cpp.o  -o cmTC_261ce 
make[1]: 离开目录“/home/kissinu/build/CMakeFiles/CMakeTmp”


